struct s_test {
    char var_1;
    char var_0;
};

char fun_init_test(struct s_test *this) {
    char var_2 = 1;
    this->var_0 = 0;
    this->var_1 = this->var_0;
    return var_2;
}

char fun_step_test(struct s_test *this) {
    char var_2 = 1;
    this->var_0 = 0;
    this->var_1 = this->var_0;
    return var_2;
}
