Test success

struct s_test_int_cond {
    char var_1;
    int var_0;
};

int fun_init_test_int_cond(struct s_test_int_cond *this, int var_5,
                                                         int var_4,
                                                         char var_3) {
    this->var_0 = ((var_5 >= var_4) ? ((var_5 <= 0) ? var_5 : 25) : var_4);
    this->var_1 = ((this->var_0 > 10) ? 0 : 1);
    int var_2 = ((var_3 && this->var_1) ? this->var_0 : var_5);
    return var_2;
}

int fun_step_test_int_cond(struct s_test_int_cond *this, int var_5,
                                                         int var_4,
                                                         char var_3) {
    this->var_0 = ((var_5 >= var_4) ? ((var_5 <= 0) ? var_5 : 25) : var_4);
    this->var_1 = ((this->var_0 > 10) ? 0 : 1);
    int var_2 = ((var_3 && this->var_1) ? this->var_0 : var_5);
    return var_2;
}
